19:45:16 [vite] (client) Pre-transform error: Failed to resolve import "./SquadScreen" from "src/ui/screens/index.ts". Does the file exist?
  Plugin: vite:import-analysis
  File: C:/BDM/src/ui/screens/index.ts:4:28
  2  |  export { TacticsScreen } from "./TacticsScreen";
  3  |  export { ScheduleScreen } from "./ScheduleScreen";
  4  |  export { SquadScreen } from "./SquadScreen";
     |                               ^
  5  |  export { StandingsScreen } from "./StandingsScreen";
  6  |  export { MarketScreen } from "./MarketScreen";
19:45:17 [vite] (client) Pre-transform error: Failed to resolve import "./SquadScreen" from "src/ui/screens/index.ts". Does the file exist?
  Plugin: vite:import-analysis
  File: C:/BDM/src/ui/screens/index.ts:4:28
  2  |  export { TacticsScreen } from "./TacticsScreen";
  3  |  export { ScheduleScreen } from "./ScheduleScreen";
  4  |  export { SquadScreen } from "./SquadScreen";
     |                               ^
  5  |  export { StandingsScreen } from "./StandingsScreen";
  6  |  export { MarketScreen } from "./MarketScreen";
19:45:17 [vite] Internal server error: Failed to resolve import "./SquadScreen" from "src/ui/screens/index.ts". Does the file exist?
  Plugin: vite:import-analysis
  File: C:/BDM/src/ui/screens/index.ts:4:28
  2  |  export { TacticsScreen } from "./TacticsScreen";
  3  |  export { ScheduleScreen } from "./ScheduleScreen";
  4  |  export { SquadScreen } from "./SquadScreen";
     |                               ^
  5  |  export { StandingsScreen } from "./StandingsScreen";
  6  |  export { MarketScreen } from "./MarketScreen";
      at TransformPluginContext._formatLog (file:///C:/BDM/node_modules/vite/dist/node/chunks/config.js:29079:43)
      at TransformPluginContext.error (file:///C:/BDM/node_modules/vite/dist/node/chunks/config.js:29076:14)
      at normalizeUrl (file:///C:/BDM/node_modules/vite/dist/node/chunks/config.js:27199:18)
      at process.processTicksAndRejections (node:internal/process/task_queues:103:5)
      at async file:///C:/BDM/node_modules/vite/dist/node/chunks/config.js:27257:32
      at async Promise.all (index 3)
      at async TransformPluginContext.transform (file:///C:/BDM/node_modules/vite/dist/node/chunks/config.js:27225:4)
      at async EnvironmentPluginContainer.transform (file:///C:/BDM/node_modules/vite/dist/node/chunks/config.js:28877:14)
      at async loadAndTransform (file:///C:/BDM/node_modules/vite/dist/node/chunks/config.js:22746:26)
19:45:17 [vite] (client) Pre-transform error: Failed to resolve import "./SquadScreen" from "src/ui/screens/index.ts". Does the file exist?
  Plugin: vite:import-analysis
  File: C:/BDM/src/ui/screens/index.ts:4:28
  2  |  export { TacticsScreen } from "./TacticsScreen";
  3  |  export { ScheduleScreen } from "./ScheduleScreen";
  4  |  export { SquadScreen } from "./SquadScreen";
     |                               ^
  5  |  export { StandingsScreen } from "./StandingsScreen";
  6  |  export { MarketScreen } from "./MarketScreen";
